2026-07-02 00:07:08,115 - INFO - Se inicia el navegador Chrome
2026-07-02 00:07:08,128 - INFO - ====== WebDriver manager ======
2026-07-02 00:07:08,840 - INFO - Get LATEST chromedriver version for google-chrome
2026-07-02 00:07:09,217 - INFO - Get LATEST chromedriver version for google-chrome
2026-07-02 00:07:09,657 - INFO - Driver [C:\Users\mh\.wdm\drivers\chromedriver\win64\149.0.7827.155\chromedriver-win32/chromedriver.exe] found in cache
2026-07-02 00:07:11,541 - INFO - Login ejecutado con usuario: standard_user
2026-07-02 00:07:13,678 - INFO - Se inicia el navegador Chrome
2026-07-02 00:07:13,678 - INFO - ====== WebDriver manager ======
2026-07-02 00:07:14,448 - INFO - Get LATEST chromedriver version for google-chrome
2026-07-02 00:07:14,875 - INFO - Get LATEST chromedriver version for google-chrome
2026-07-02 00:07:15,291 - INFO - Driver [C:\Users\mh\.wdm\drivers\chromedriver\win64\149.0.7827.155\chromedriver-win32/chromedriver.exe] found in cache
2026-07-02 00:07:17,417 - INFO - Login ejecutado con usuario: standard_user
2026-07-02 00:07:19,523 - INFO - Se inicia el navegador Chrome
2026-07-02 00:07:19,524 - INFO - ====== WebDriver manager ======
2026-07-02 00:07:20,224 - INFO - Get LATEST chromedriver version for google-chrome
2026-07-02 00:07:20,705 - INFO - Get LATEST chromedriver version for google-chrome
2026-07-02 00:07:21,076 - INFO - Driver [C:\Users\mh\.wdm\drivers\chromedriver\win64\149.0.7827.155\chromedriver-win32/chromedriver.exe] found in cache
2026-07-02 00:07:22,849 - INFO - Login ejecutado con usuario: standard_user
2026-07-02 00:07:25,211 - INFO - Se inicia el navegador Chrome
2026-07-02 00:07:25,212 - INFO - ====== WebDriver manager ======
2026-07-02 00:07:25,978 - INFO - Get LATEST chromedriver version for google-chrome
2026-07-02 00:07:26,425 - INFO - Get LATEST chromedriver version for google-chrome
2026-07-02 00:07:26,808 - INFO - Driver [C:\Users\mh\.wdm\drivers\chromedriver\win64\149.0.7827.155\chromedriver-win32/chromedriver.exe] found in cache
2026-07-02 00:07:28,874 - INFO - Login ejecutado con usuario: standard_user
2026-07-02 00:07:31,074 - INFO - Se inicia el navegador Chrome
2026-07-02 00:07:31,074 - INFO - ====== WebDriver manager ======
2026-07-02 00:07:31,785 - INFO - Get LATEST chromedriver version for google-chrome
2026-07-02 00:07:32,242 - INFO - Get LATEST chromedriver version for google-chrome
2026-07-02 00:07:32,662 - INFO - Driver [C:\Users\mh\.wdm\drivers\chromedriver\win64\149.0.7827.155\chromedriver-win32/chromedriver.exe] found in cache
2026-07-02 00:07:34,300 - INFO - Login ejecutado con usuario: standard_user
2026-07-02 00:16:22,247 - INFO - Se inicia el navegador Chrome
2026-07-02 00:16:22,248 - INFO - ====== WebDriver manager ======
2026-07-02 00:16:23,073 - INFO - Get LATEST chromedriver version for google-chrome
2026-07-02 00:16:24,418 - INFO - Get LATEST chromedriver version for google-chrome
2026-07-02 00:16:25,288 - INFO - Driver [C:\Users\mh\.wdm\drivers\chromedriver\win64\149.0.7827.155\chromedriver-win32/chromedriver.exe] found in cache
2026-07-02 00:16:29,742 - INFO - Login ejecutado con usuario: standard_user
2026-07-02 00:16:31,848 - INFO - Se inicia el navegador Chrome
2026-07-02 00:16:31,849 - INFO - ====== WebDriver manager ======
2026-07-02 00:16:32,578 - INFO - Get LATEST chromedriver version for google-chrome
2026-07-02 00:16:33,085 - INFO - Get LATEST chromedriver version for google-chrome
2026-07-02 00:16:33,617 - INFO - Driver [C:\Users\mh\.wdm\drivers\chromedriver\win64\149.0.7827.155\chromedriver-win32/chromedriver.exe] found in cache
2026-07-02 00:16:36,107 - INFO - Login ejecutado con usuario: standard_user
2026-07-02 00:16:38,210 - INFO - Se inicia el navegador Chrome
2026-07-02 00:16:38,210 - INFO - ====== WebDriver manager ======
2026-07-02 00:16:38,917 - INFO - Get LATEST chromedriver version for google-chrome
2026-07-02 00:16:39,287 - INFO - Get LATEST chromedriver version for google-chrome
2026-07-02 00:16:39,660 - INFO - Driver [C:\Users\mh\.wdm\drivers\chromedriver\win64\149.0.7827.155\chromedriver-win32/chromedriver.exe] found in cache
2026-07-02 00:16:42,106 - INFO - Login ejecutado con usuario: standard_user
2026-07-02 00:16:44,357 - INFO - Se inicia el navegador Chrome
2026-07-02 00:16:44,357 - INFO - ====== WebDriver manager ======
2026-07-02 00:16:45,095 - INFO - Get LATEST chromedriver version for google-chrome
2026-07-02 00:16:45,612 - INFO - Get LATEST chromedriver version for google-chrome
2026-07-02 00:16:45,981 - INFO - Driver [C:\Users\mh\.wdm\drivers\chromedriver\win64\149.0.7827.155\chromedriver-win32/chromedriver.exe] found in cache
2026-07-02 00:16:47,819 - INFO - Login ejecutado con usuario: standard_user
2026-07-02 00:16:49,977 - INFO - Se inicia el navegador Chrome
2026-07-02 00:16:49,978 - INFO - ====== WebDriver manager ======
2026-07-02 00:16:50,730 - INFO - Get LATEST chromedriver version for google-chrome
2026-07-02 00:16:51,147 - INFO - Get LATEST chromedriver version for google-chrome
2026-07-02 00:16:52,702 - INFO - Driver [C:\Users\mh\.wdm\drivers\chromedriver\win64\149.0.7827.155\chromedriver-win32/chromedriver.exe] found in cache
2026-07-02 00:16:54,667 - INFO - Login ejecutado con usuario: standard_user
2026-07-02 00:36:13,536 - INFO - Se inicia el navegador Chrome
2026-07-02 00:36:13,536 - INFO - ====== WebDriver manager ======
2026-07-02 00:36:14,354 - INFO - Get LATEST chromedriver version for google-chrome
2026-07-02 00:36:14,822 - INFO - Get LATEST chromedriver version for google-chrome
2026-07-02 00:36:15,292 - INFO - Driver [C:\Users\mh\.wdm\drivers\chromedriver\win64\149.0.7827.155\chromedriver-win32/chromedriver.exe] found in cache
2026-07-02 00:36:18,013 - INFO - Login ejecutado con usuario: standard_user
2026-07-02 00:36:20,134 - INFO - Se inicia el navegador Chrome
2026-07-02 00:36:20,135 - INFO - ====== WebDriver manager ======
2026-07-02 00:36:20,895 - INFO - Get LATEST chromedriver version for google-chrome
2026-07-02 00:36:21,326 - INFO - Get LATEST chromedriver version for google-chrome
2026-07-02 00:36:21,982 - INFO - Driver [C:\Users\mh\.wdm\drivers\chromedriver\win64\149.0.7827.155\chromedriver-win32/chromedriver.exe] found in cache
2026-07-02 00:36:24,237 - INFO - Login ejecutado con usuario: standard_user
2026-07-02 00:36:26,353 - INFO - Se inicia el navegador Chrome
2026-07-02 00:36:26,354 - INFO - ====== WebDriver manager ======
2026-07-02 00:36:27,071 - INFO - Get LATEST chromedriver version for google-chrome
2026-07-02 00:36:27,994 - INFO - Get LATEST chromedriver version for google-chrome
2026-07-02 00:36:28,502 - INFO - Driver [C:\Users\mh\.wdm\drivers\chromedriver\win64\149.0.7827.155\chromedriver-win32/chromedriver.exe] found in cache
2026-07-02 00:36:30,756 - INFO - Login ejecutado con usuario: standard_user
2026-07-02 00:36:33,133 - INFO - Se inicia el navegador Chrome
2026-07-02 00:36:33,133 - INFO - ====== WebDriver manager ======
2026-07-02 00:36:33,825 - INFO - Get LATEST chromedriver version for google-chrome
2026-07-02 00:36:34,571 - INFO - Get LATEST chromedriver version for google-chrome
2026-07-02 00:36:35,283 - INFO - Driver [C:\Users\mh\.wdm\drivers\chromedriver\win64\149.0.7827.155\chromedriver-win32/chromedriver.exe] found in cache
2026-07-02 00:36:37,909 - INFO - Login ejecutado con usuario: standard_user
2026-07-02 00:36:40,072 - INFO - Se inicia el navegador Chrome
2026-07-02 00:36:40,073 - INFO - ====== WebDriver manager ======
2026-07-02 00:36:40,890 - INFO - Get LATEST chromedriver version for google-chrome
2026-07-02 00:36:41,776 - INFO - Get LATEST chromedriver version for google-chrome
2026-07-02 00:36:42,645 - INFO - Driver [C:\Users\mh\.wdm\drivers\chromedriver\win64\149.0.7827.155\chromedriver-win32/chromedriver.exe] found in cache
2026-07-02 00:36:45,111 - INFO - Login ejecutado con usuario: standard_user
2026-07-02 00:39:03,976 - INFO - Se inicia el navegador Chrome
2026-07-02 00:39:03,976 - INFO - ====== WebDriver manager ======
2026-07-02 00:39:04,700 - INFO - Get LATEST chromedriver version for google-chrome
2026-07-02 00:39:05,385 - INFO - Get LATEST chromedriver version for google-chrome
2026-07-02 00:39:05,846 - INFO - Driver [C:\Users\mh\.wdm\drivers\chromedriver\win64\149.0.7827.155\chromedriver-win32/chromedriver.exe] found in cache
2026-07-02 00:39:08,878 - INFO - Login ejecutado con usuario: standard_user
2026-07-02 00:39:10,994 - INFO - Se inicia el navegador Chrome
2026-07-02 00:39:10,995 - INFO - ====== WebDriver manager ======
2026-07-02 00:39:11,736 - INFO - Get LATEST chromedriver version for google-chrome
2026-07-02 00:39:12,398 - INFO - Get LATEST chromedriver version for google-chrome
2026-07-02 00:39:13,415 - INFO - Driver [C:\Users\mh\.wdm\drivers\chromedriver\win64\149.0.7827.155\chromedriver-win32/chromedriver.exe] found in cache
2026-07-02 00:39:16,279 - INFO - Login ejecutado con usuario: standard_user
2026-07-02 00:39:18,390 - INFO - Se inicia el navegador Chrome
2026-07-02 00:39:18,391 - INFO - ====== WebDriver manager ======
2026-07-02 00:39:19,124 - INFO - Get LATEST chromedriver version for google-chrome
2026-07-02 00:39:19,638 - INFO - Get LATEST chromedriver version for google-chrome
2026-07-02 00:39:20,109 - INFO - Driver [C:\Users\mh\.wdm\drivers\chromedriver\win64\149.0.7827.155\chromedriver-win32/chromedriver.exe] found in cache
2026-07-02 00:39:22,349 - INFO - Login ejecutado con usuario: standard_user
2026-07-02 00:39:24,608 - INFO - Se inicia el navegador Chrome
2026-07-02 00:39:24,608 - INFO - ====== WebDriver manager ======
2026-07-02 00:39:25,333 - INFO - Get LATEST chromedriver version for google-chrome
2026-07-02 00:39:25,873 - INFO - Get LATEST chromedriver version for google-chrome
2026-07-02 00:39:26,393 - INFO - Driver [C:\Users\mh\.wdm\drivers\chromedriver\win64\149.0.7827.155\chromedriver-win32/chromedriver.exe] found in cache
2026-07-02 00:39:28,661 - INFO - Login ejecutado con usuario: standard_user
2026-07-02 00:39:30,853 - INFO - Se inicia el navegador Chrome
2026-07-02 00:39:30,854 - INFO - ====== WebDriver manager ======
2026-07-02 00:39:31,651 - INFO - Get LATEST chromedriver version for google-chrome
2026-07-02 00:39:32,083 - INFO - Get LATEST chromedriver version for google-chrome
2026-07-02 00:39:32,644 - INFO - Driver [C:\Users\mh\.wdm\drivers\chromedriver\win64\149.0.7827.155\chromedriver-win32/chromedriver.exe] found in cache
2026-07-02 00:39:35,816 - INFO - Login ejecutado con usuario: standard_user
2026-07-02 00:42:45,607 - INFO - Se inicia el navegador Chrome
2026-07-02 00:42:45,607 - INFO - ====== WebDriver manager ======
2026-07-02 00:42:46,381 - INFO - Get LATEST chromedriver version for google-chrome
2026-07-02 00:42:47,515 - INFO - Get LATEST chromedriver version for google-chrome
2026-07-02 00:42:48,223 - INFO - Driver [C:\Users\mh\.wdm\drivers\chromedriver\win64\149.0.7827.155\chromedriver-win32/chromedriver.exe] found in cache
2026-07-02 00:42:50,836 - INFO - Login ejecutado con usuario: standard_user
2026-07-02 00:42:52,948 - INFO - Se inicia el navegador Chrome
2026-07-02 00:42:52,949 - INFO - ====== WebDriver manager ======
2026-07-02 00:42:53,774 - INFO - Get LATEST chromedriver version for google-chrome
2026-07-02 00:42:55,017 - INFO - Get LATEST chromedriver version for google-chrome
2026-07-02 00:42:55,934 - INFO - Driver [C:\Users\mh\.wdm\drivers\chromedriver\win64\149.0.7827.155\chromedriver-win32/chromedriver.exe] found in cache
2026-07-02 00:42:59,286 - INFO - Login ejecutado con usuario: standard_user
2026-07-02 00:43:01,393 - INFO - Se inicia el navegador Chrome
2026-07-02 00:43:01,393 - INFO - ====== WebDriver manager ======
2026-07-02 00:43:02,228 - INFO - Get LATEST chromedriver version for google-chrome
2026-07-02 00:43:03,061 - INFO - Get LATEST chromedriver version for google-chrome
2026-07-02 00:43:03,878 - INFO - Driver [C:\Users\mh\.wdm\drivers\chromedriver\win64\149.0.7827.155\chromedriver-win32/chromedriver.exe] found in cache
2026-07-02 00:43:06,811 - INFO - Login ejecutado con usuario: standard_user
2026-07-02 00:43:09,122 - INFO - Se inicia el navegador Chrome
2026-07-02 00:43:09,123 - INFO - ====== WebDriver manager ======
2026-07-02 00:43:10,091 - INFO - Get LATEST chromedriver version for google-chrome
2026-07-02 00:43:11,025 - INFO - Get LATEST chromedriver version for google-chrome
2026-07-02 00:43:11,877 - INFO - Driver [C:\Users\mh\.wdm\drivers\chromedriver\win64\149.0.7827.155\chromedriver-win32/chromedriver.exe] found in cache
2026-07-02 00:43:14,920 - INFO - Login ejecutado con usuario: standard_user
2026-07-02 00:43:17,112 - INFO - Se inicia el navegador Chrome
2026-07-02 00:43:17,112 - INFO - ====== WebDriver manager ======
2026-07-02 00:43:17,834 - INFO - Get LATEST chromedriver version for google-chrome
2026-07-02 00:43:18,709 - INFO - Get LATEST chromedriver version for google-chrome
2026-07-02 00:43:19,501 - INFO - Driver [C:\Users\mh\.wdm\drivers\chromedriver\win64\149.0.7827.155\chromedriver-win32/chromedriver.exe] found in cache
2026-07-02 00:43:25,313 - INFO - Login ejecutado con usuario: standard_user
